[www.rit.edu/dubai/index.html]
[backblue.gif]
[fade.gif]
[index.html]
[cdnjs.cloudflare.com/ajax/libs/font-awesome/4.7.0/css/font-awesome.min.css]
[www.rit.edu/dubai/sites/rit.edu.dubai/files/Favicon-01.png]
[cdn.jsdelivr.net/bootstrap/3.3.7/css/bootstrap.css]
[cdn.jsdelivr.net/npm/@unicorn-fail/drupal-bootstrap-styles@0.0.2/dist/3.3.1/7.x-3.x/drupal-bootstrap.css]
[www.rit.edu/dubai/sites/rit.edu.dubai/files/google_tag/gtm/google_tag.script2559.js]
[ajax.googleapis.com/ajax/libs/jquery/1.10.2/jquery.min.js]
[www.rit.edu/dubai/sites/all/modules/jquery_update/replace/jquery/1.10/jquery.min.js]
[www.rit.edu/dubai/misc/jquery-extend-3.4.0468f.js]
[www.rit.edu/dubai/misc/jquery-html-prefilter-3.5.0-backport468f.js]
[www.rit.edu/dubai/misc/jquery.once7839.js]
[www.rit.edu/dubai/misc/drupal2559.js]
[www.rit.edu/dubai/sites/all/libraries/jquery.bgiframe/jquery.bgiframe3294.js]
[www.rit.edu/dubai/sites/all/modules/nice_menus/js/jquery.hoverIntent1f6b.js]
[www.rit.edu/dubai/sites/all/modules/nice_menus/js/superfish099d.js]
[www.rit.edu/dubai/sites/all/modules/nice_menus/js/nice_menusc619.js]
[www.rit.edu/dubai/sites/all/modules/views_slideshow/js/views_slideshowc619.js]
[www.rit.edu/dubai/sites/all/modules/jquery_update/replace/ui/external/jquery.cookie1683.js]
[www.rit.edu/dubai/sites/all/modules/jquery_update/replace/misc/jquery.form.min97e5.js]
[www.rit.edu/dubai/misc/ajaxdf3f.js]
[www.rit.edu/dubai/sites/all/modules/jquery_update/js/jquery_update241d.js]
[cdn.jsdelivr.net/bootstrap/3.3.7/js/bootstrap.js]
[www.rit.edu/dubai/sites/all/modules/webform_steps/webform_steps2559.js]
[www.rit.edu/dubai/sites/all/themes/bootstrap/js/misc/_progress2559.js]
[www.rit.edu/dubai/sites/all/modules/video/js/video2559.js]
[www.rit.edu/dubai/sites/all/modules/clientside_validation/jquery-validate/jquery.validate.min2559.js]
[www.rit.edu/dubai/sites/all/modules/form_placeholder/form_placeholder2559.js]
[www.rit.edu/dubai/sites/all/libraries/flexslider/jquery.flexslider-min2559.js]
[www.rit.edu/dubai/sites/all/modules/flexslider_views_slideshow/js/flexslider_views_slideshow2559.js]
[www.rit.edu/dubai/sites/all/modules/views/js/base2559.js]
[www.rit.edu/dubai/sites/all/modules/views/js/ajax_view2559.js]
[www.rit.edu/dubai/sites/all/modules/google_analytics/googleanalytics.debug2559.js]
[www.google-analytics.com/analytics_debug.js]
[www.rit.edu/dubai/sites/rit.edu.dubai/modules/site/quicktabs/js/quicktabs2559.js]
[www.rit.edu/dubai/sites/all/modules/gmap/js/gmap2559.js]
[www.rit.edu/dubai/sites/all/modules/gmap/js/icon2559.js]
[www.rit.edu/dubai/sites/all/modules/gmap/js/marker2559.js]
[www.rit.edu/dubai/sites/all/modules/gmap/js/highlight2559.js]
[www.rit.edu/dubai/sites/all/modules/gmap/js/poly2559.js]
[www.rit.edu/dubai/sites/rit.edu.dubai/files/js/gmap_markers.js]
[www.rit.edu/dubai/sites/all/modules/gmap/js/markerloader_static2559.js]
[www.rit.edu/dubai/sites/all/modules/gmap/js/gmap_marker2559.js]
[www.rit.edu/dubai/sites/rit.edu.dubai/themes/ritdubai/js/custom2559.js]
[www.rit.edu/dubai/sites/all/themes/bootstrap/js/modules/views/js/ajax_view2559.js]
[www.rit.edu/dubai/sites/all/themes/bootstrap/js/misc/ajax2559.js]
[kit.fontawesome.com/5da4271160.js]
[www.rit.edu/dubai/sites/rit.edu.dubai/themes/ritdubai/images/search_icon.png]
[www.rit.edu/dubai/ar.html]
[www.rit.edu/dubai/request-info.html]
[www.rit.edu/dubai/rit-dubai-application.html]
[www.rit.edu/dubai/contact-rit-dubai.html]
[www.rit.edu/dubai/inside/about-rit/employment-rit-dubai.html]
[www.rit.edu/dubai/covid-protocol-and-faqs.html]
[static.elfsight.com/platform/platform.js]
[www.rit.edu/dubai/sites/rit.edu.dubai/files/ritlogo.png]
[www.rit.edu/dubai/inside/about-rit/history-rit.html]
[www.rit.edu/dubai/inside/accreditation-rewards/national-and-international-accreditations.html]
[www.rit.edu/dubai/inside/faculty-research/faculty-rit-dubai.html]
[www.rit.edu/dubai/inside/visit-rit-dubai/direction-campus.html]
[www.rit.edu/dubai/all-news.html]
[www.rit.edu/dubai/node.html]
[www.rit.edu/dubai/undergraduate-degree-programs.html]
[www.rit.edu/dubai/graduate-degree-programs.html]
[www.rit.edu/dubai/admission.html]
[www.rit.edu/dubai/inside/student-life/more-about-student-life.html]
[www.rit.edu/dubai/inside/student-life/student-handbook.html]
[www.rit.edu/dubai/inside/co-op-office.html]
[www.rit.edu/dubai/inside/career-services-alumni/introduction.html]
[www.rit.edu/dubai/inside/academic-affairs/academic-affairs.html]
[www.rit.edu/dubai/inside/support/introduction-and-schedules.html]
[www.rit.edu/dubai/inside/support/academic-support-center.html]
[www.rit.edu/dubai/inside/freshman-orientation/freshman-orientation.html]
[www.rit.edu/dubai/activities/corporate-relations/corporate-gateway.html]
[www.rit.edu/dubai/activities/corporate-relations/ai-citizenship-program.html]
[www.rit.edu/dubai/activities/professional-training-programs/smart-grid-cyber-security.html]
[www.rit.edu/dubai/sites/rit.edu.dubai/files/videos/original/RIT WebVid 2019-12-24 1920x500.mp4]
[www.rit.edu/dubai/nodea1be.html]
[www.rit.edu/dubai/node2499.html]
[www.rit.edu/dubai/nodeed82.html]
[www.rit.edu/dubai/node2c77.html]
[www.rit.edu/dubai/node0012.html]
[www.rit.edu/dubai/programs/undergraduate/bachelor-science-in-finance.html]
[www.rit.edu/dubai/programs/undergraduate/bachelor-science-in-marketing.html]
[www.rit.edu/dubai/programs/department-mechanical-and-industrial-engineering/bachelor-science-mechanical-engineering.html]
[www.rit.edu/dubai/programs/undergraduate/bachelor-science-microelectronics-engineering.html]
[www.rit.edu/dubai/programs/undergraduate/bachelor-science-electrical-engineering.html]
[www.rit.edu/dubai/programs/department-mechanical-and-industrial-engineering/bachelor-science-industrial-engineering.html]
[www.rit.edu/dubai/programs/undergraduate/bachelor-science-computing-and-information-technologies.html]
[www.rit.edu/dubai/programs/undergraduate/bachelor-science-computing-security.html]
[www.rit.edu/dubai/programs/sciences-and-liberal-arts/bachelor-science-psychology.html]
[www.rit.edu/dubai/programs/graduate-programs/master-engineering-engineering-management.html]
[www.rit.edu/dubai/programs/graduate-programs/master-science-professional-studies-smart-cities.html]
[www.rit.edu/dubai/programs/graduate-programs/master-science-professional-studies-data-analytics.html]
[www.rit.edu/dubai/programs/graduate-programs/master-science-service-leadership-innovation.html]
[www.rit.edu/dubai/programs/graduate-programs/master-science-electrical-engineering.html]
[www.rit.edu/dubai/programs/graduate-programs/master-science-mechanical-engineering.html]
[www.rit.edu/dubai/programs/graduate-programs/master-science-computing-security.html]
[www.rit.edu/dubai/programs/graduate-programs/master-science-professional-studies-future-foresight-and-planning.html]
[www.rit.edu/dubai/nodef43c.html]
[www.rit.edu/dubai/nodee78a.html]
[www.rit.edu/dubai/node622d.html]
[www.rit.edu/dubai/node1ac0.html]
[www.rit.edu/dubai/nodeb1da.html]
[www.rit.edu/dubai/node5f72.html]
[www.rit.edu/dubai/sites/rit.edu.dubai/files/admissions-hp.jpg]
[www.rit.edu/dubai/online-undergraduate-application.html]
[www.rit.edu/dubai/sites/rit.edu.dubai/files/admissions-hp_1.jpg]
[www.rit.edu/dubai/online-graduate-application.html]
[www.rit.edu/dubai/sites/rit.edu.dubai/files/admissions-hp_2.jpg]
[www.rit.edu/dubai/sites/rit.edu.dubai/files/admissions-hp_4.jpg]
[www.rit.edu/dubai/sites/rit.edu.dubai/files/Student Referral Program Terms.pdf]
[www.rit.edu/dubai/student-referral-program.html]
[www.rit.edu/dubai/sites/rit.edu.dubai/files/E798A0A0-EA48-4710-907C-FFE876AB8226.jpg]
[www.rit.edu/dubai/open-day-registration.html]
[www.rit.edu/dubai/sites/rit.edu.dubai/files/admissions-hp_5.jpg]
[www.rit.edu/dubai/sites/rit.edu.dubai/files/styles/media_center/public/Untitled-1_113fd2.png]
[www.rit.edu/dubai/admission#admissions-scholarship-tuition.html]
[www.rit.edu/dubai/sites/rit.edu.dubai/files/styles/media_center/public/RIT-Dubai_183cb4f8cd8_large4a52.jpg]
[www.rit.edu/dubai/sites/rit.edu.dubai/files/styles/media_center/public/downloada9b6.jpg]
[www.rit.edu/dubai/sites/rit.edu.dubai/files/styles/media_center/public/Untitled-417da.png]
[www.rit.edu/dubai/sites/rit.edu.dubai/files/styles/media_center/public/1200x900_Image_01_182ac1598d0_large902b.jpg]
[www.rit.edu/dubai/sites/rit.edu.dubai/files/styles/media_center/public/Zulfa2cd3.png]
[www.rit.edu/dubai/index.html]
[cdnjs.cloudflare.com/ajax/libs/font-awesome/4.7.0/css/font-awesome.min.css]
[www.rit.edu/dubai/all-news1.html]
[www.rit.edu/dubai/misc/throbber-inactive.png]
[www.rit.edu/dubai/misc/throbber-active.gif]
[www.rit.edu/dubai/misc/grippie.png]
[www.rit.edu/dubai/misc/draggable.png]
[www.rit.edu/dubai/misc/tree.png]
[www.rit.edu/dubai/misc/tree-bottom.png]
[www.rit.edu/dubai/modules/system/system.base2559.css]
[www.rit.edu/dubai/sites/all/modules/views_slideshow/views_slideshow2559.css]
[www.rit.edu/dubai/sites/all/modules/date/date_repeat_field/date_repeat_field2559.css]
[www.rit.edu/dubai/modules/field/theme/field2559.css]
[www.rit.edu/dubai/sites/all/modules/mforms/mforms_example/mforms_example2559.css]
[www.rit.edu/dubai/modules/node/node2559.css]
[www.rit.edu/dubai/sites/all/modules/views/css/views2559.css]
[www.rit.edu/dubai/sites/all/modules/ckeditor/css/ckeditor2559.css]
[www.rit.edu/dubai/sites/all/modules/ctools/images/status-active.gif]
[www.rit.edu/dubai/sites/all/modules/ctools/css/ctools2559.css]
[www.rit.edu/dubai/sites/all/modules/video/css/video2559.css]
[www.rit.edu/dubai/sites/all/modules/nice_menus/css/nice_menus2559.css]
[www.rit.edu/dubai/sites/all/modules/nice_menus/images/arrow-right.png]
[www.rit.edu/dubai/sites/all/modules/nice_menus/images/arrow-left.png]
[www.rit.edu/dubai/sites/all/modules/nice_menus/images/arrow-down.png]
[www.rit.edu/dubai/sites/all/modules/nice_menus/css/nice_menus_default2559.css]
[www.rit.edu/dubai/sites/all/modules/views_slideshow/views_slideshow_controls_text2559.css]
[www.rit.edu/dubai/sites/all/modules/flexslider/assets/css/flexslider_img2559.css]
[www.rit.edu/dubai/sites/all/libraries/flexslider/fonts/flexslider-icon.eot]
[www.rit.edu/dubai/sites/all/libraries/flexslider/fonts/flexslider-icond41d.eot]
[www.rit.edu/dubai/sites/all/libraries/flexslider/fonts/flexslider-icon.woff]
[www.rit.edu/dubai/sites/all/libraries/flexslider/fonts/flexslider-icon.ttf]
[www.rit.edu/dubai/sites/all/libraries/flexslider/flexslider2559.css]
[www.rit.edu/dubai/modules/locale/locale2559.css]
[www.rit.edu/dubai/sites/all/modules/gmap/gmap2559.css]
[www.rit.edu/dubai/sites/all/modules/rit_user_utils/alert.png]
[www.rit.edu/dubai/sites/all/modules/rit_user_utils/rit_user_utils2559.css]
[www.rit.edu/dubai/sites/rit.edu.dubai/modules/site/quicktabs/css/quicktabs2559.css]
[cdn.jsdelivr.net/bootstrap/3.3.7/css/bootstrap.css]
[cdn.jsdelivr.net/npm/@unicorn-fail/drupal-bootstrap-styles@0.0.2/dist/3.3.1/7.x-3.x/drupal-bootstrap.css]
[www.rit.edu/dubai/sites/rit.edu.dubai/themes/ritdubai/fonts/glyphicons-halflings-regular.eot]
[www.rit.edu/dubai/sites/rit.edu.dubai/themes/ritdubai/fonts/glyphicons-halflings-regulard41d.eot]
[www.rit.edu/dubai/sites/rit.edu.dubai/themes/ritdubai/fonts/glyphicons-halflings-regular.woff2]
[www.rit.edu/dubai/sites/rit.edu.dubai/themes/ritdubai/fonts/glyphicons-halflings-regular.woff]
[www.rit.edu/dubai/sites/rit.edu.dubai/themes/ritdubai/fonts/glyphicons-halflings-regular.ttf]
[www.rit.edu/dubai/sites/rit.edu.dubai/themes/ritdubai/fonts/glyphicons-halflings-regular.svg]
[www.rit.edu/dubai/sites/rit.edu.dubai/themes/ritdubai/css/bootstrap.min2559.css]
[www.rit.edu/rit/sites/default/files/photoadv/diploma.jpg]
[www.rit.edu/dubai/sites/rit.edu.dubai/themes/ritdubai/images/mech_eng.png]
[www.rit.edu/dubai/sites/rit.edu.dubai/themes/ritdubai/images/micro-elec-eng.png]
[www.rit.edu/dubai/sites/rit.edu.dubai/themes/ritdubai/images/industrial_eng.png]
[www.rit.edu/dubai/sites/rit.edu.dubai/themes/ritdubai/images/computing_security.png]
[www.rit.edu/dubai/sites/rit.edu.dubai/themes/ritdubai/images/computing_and_it.png]
[www.rit.edu/dubai/sites/rit.edu.dubai/themes/ritdubai/images/management.png]
[www.rit.edu/dubai/sites/rit.edu.dubai/themes/ritdubai/images/inter_business.png]
[www.rit.edu/dubai/sites/rit.edu.dubai/themes/ritdubai/images/marketing.png]
[www.rit.edu/dubai/sites/rit.edu.dubai/themes/ritdubai/images/finance.png]
[www.rit.edu/dubai/sites/rit.edu.dubai/themes/ritdubai/images/career-and-placement.png]
[www.rit.edu/dubai/sites/rit.edu.dubai/themes/ritdubai/images/about-rit.png]
[www.rit.edu/dubai/sites/default/files/career.bb.delayed]
[www.rit.edu/dubai/sites/rit.edu.dubai/themes/ritdubai/images/banner_academic.jpg]
[www.rit.edu/dubai/sites/rit.edu.dubai/themes/ritdubai/images/diploma.jpg]
[www.rit.edu/dubai/sites/rit.edu.dubai/files/Co_op_new.jpg]
[www.rit.edu/dubai/sites/rit.edu.dubai/files/Bird_Eye_View.jpg]
[www.rit.edu/dubai/sites/rit.edu.dubai/themes/ritdubai/images/check2.png]
[www.rit.edu/dubai/sites/rit.edu.dubai/themes/ritdubai/images/errow_icon.png]
[www.rit.edu/dubai/sites/rit.edu.dubai/themes/ritdubai/images/diploma_xl.jpg]
[www.rit.edu/dubai/sites/rit.edu.dubai/themes/ritdubai/images/career-and-placement-xs.png]
[www.rit.edu/dubai/sites/rit.edu.dubai/themes/ritdubai/images/about-rit-xs.png]
[www.rit.edu/dubai/sites/rit.edu.dubai/themes/ritdubai/images/black_b.png]
[www.rit.edu/dubai/sites/rit.edu.dubai/themes/ritdubai/images/orange_b.png]
[www.rit.edu/dubai/sites/rit.edu.dubai/themes/ritdubai/css/style2559.css]
[www.rit.edu/dubai/sites/rit.edu.dubai/themes/ritdubai/css/style-v22559.css]
[www.rit.edu/dubai/sites/rit.edu.dubai/themes/ritdubai/css/responsive2559.css]
[www.rit.edu/dubai/sites/rit.edu.dubai/themes/ritdubai/css/custom2559.css]
[www.rit.edu/dubai/sites/rit.edu.dubai/themes/ritdubai/css/nice-menu-custom2559.css]
[www.rit.edu/dubai/ar/request-info]
[www.rit.edu/dubai/ar/rit-dubai-application]
[www.rit.edu/dubai/ar/contact-rit-dubai]
[www.rit.edu/dubai/ar/inside/about-rit/employment-rit-dubai]
[www.rit.edu/dubai/ar/covid-protocol-and-faqs]
[www.rit.edu/dubai/ar/node/377.html]
[www.rit.edu/dubai/ar/node/255.html]
[www.rit.edu/dubai/ar/node/376.html]
[www.rit.edu/dubai/ar/node/134.html]
[www.rit.edu/dubai/ar/node/508.html]
[www.rit.edu/dubai/ar/node.html]
[www.rit.edu/dubai/ar/node/959.html]
[www.rit.edu/dubai/ar/node/963.html]
[www.rit.edu/dubai/ar/node/122.html]
[www.rit.edu/dubai/ar/node/281.html]
[www.rit.edu/dubai/ar/node/346.html]
[www.rit.edu/dubai/ar/node/1115.html]
[www.rit.edu/dubai/ar/node/668.html]
[www.rit.edu/dubai/ar/node/358.html]
[www.rit.edu/dubai/ar/node/354.html]
[www.rit.edu/dubai/ar/node/1480.html]
[www.rit.edu/dubai/ar/node/656.html]
[www.rit.edu/dubai/ar/node/131.html]
[www.rit.edu/dubai/ar/node/1278.html]
[www.rit.edu/dubai/ar/node/373.html]
[www.rit.edu/dubai/ar/nodea1be.html]
[www.rit.edu/dubai/ar/node2499.html]
[www.rit.edu/dubai/ar/nodeed82.html]
[www.rit.edu/dubai/ar/node2c77.html]
[www.rit.edu/dubai/ar/node0012.html]
[www.rit.edu/dubai/ar/node/107.html]
[www.rit.edu/dubai/ar/node/111.html]
[www.rit.edu/dubai/ar/node/102.html]
[www.rit.edu/dubai/ar/node/103.html]
[www.rit.edu/dubai/ar/node/106.html]
[www.rit.edu/dubai/ar/node/108.html]
[www.rit.edu/dubai/ar/node/104.html]
[www.rit.edu/dubai/ar/node/105.html]
[www.rit.edu/dubai/ar/node/1335.html]
[www.rit.edu/dubai/ar/node/113.html]
[www.rit.edu/dubai/ar/node/114.html]
[www.rit.edu/dubai/ar/node/115.html]
[www.rit.edu/dubai/ar/node/116.html]
[www.rit.edu/dubai/ar/node/117.html]
[www.rit.edu/dubai/ar/node/118.html]
[www.rit.edu/dubai/ar/node/683.html]
[www.rit.edu/dubai/ar/node/687.html]
[www.rit.edu/dubai/ar/nodef43c.html]
[www.rit.edu/dubai/ar/nodee78a.html]
[www.rit.edu/dubai/ar/node622d.html]
[www.rit.edu/dubai/ar/node1ac0.html]
[www.rit.edu/dubai/ar/nodeb1da.html]
[www.rit.edu/dubai/ar/node5f72.html]
[www.rit.edu/dubai/ar/node/899.html]
[www.rit.edu/dubai/ar/node/847.html]
[www.rit.edu/dubai/ar/node/835.html]
[www.rit.edu/dubai/ar/node/855.html]
[www.rit.edu/dubai/ar/node/1139.html]
[www.rit.edu/dubai/ar/node/448.html]
[www.rit.edu/dubai/ar.html]
[www.rit.edu/dubai/ar/all-news1.html]
[www.rit.edu/dubai/node/835.html]
[www.rit.edu/dubai/system/files/enquiry-banner.png]
[www.rit.edu/dubai/request-info.html]
[www.cognitoforms.com/f/seamless.js]
[www.rit.edu/dubai/node/839.html]
[www.rit.edu/dubai/system/files/online-app.png]
[www.rit.edu/dubai/sites/rit.edu.dubai/files/Application-graphic.png]
[www.rit.edu/dubai/rit-dubai-application.html]
[www.rit.edu/dubai/node/1289.html]
[www.rit.edu/dubai/system/files/contact-banner-rit.png]
[www.rit.edu/dubai/contact-rit-dubai.html]
[www.rit.edu/dubai/node/257.html]
[www.rit.edu/dubai/sites/rit.edu.dubai/files/employment.png]
[www.rit.edu/dubai/inside/about-rit/message-rit-ny-president.html]
[www.rit.edu/dubai/inside/about-rit/message-rit-dubai-president.html]
[www.rit.edu/dubai/inside/about-rit/board-directors.html]
[www.rit.edu/dubai/inside/about-rit/our-vision-mission-and-values.html]
[www.rit.edu/dubai/inside/about-rit/global-campus.html]
[www.rit.edu/dubai/inside/about-rit/advantages-student-testimonials.html]
[www.rit.edu/dubai/inside/about-rit/dubai-silicon-oasis.html]
[www.rit.edu/dubai/inside/about-rit/rit-videos.html]
[www.rit.edu/dubai/inside/faculty-research/labs-centers.html]
[www.rit.edu/dubai/inside/visit-rit-dubai/visit-rit-dubai.html]
[www.rit.edu/dubai/sites/rit.edu.dubai/files/JD - Marketing faculty.pdf]
[www.rit.edu/dubai/sites/rit.edu.dubai/files/JD - Lecturer in Computing.pdf]
[www.rit.edu/dubai/sites/rit.edu.dubai/files/Full-Time Faculty of Psychology.pdf]
[www.rit.edu/dubai/sites/rit.edu.dubai/files/JD - Industrial Engineering.pdf]
[www.rit.edu/dubai/sites/rit.edu.dubai/files/Faculty of Future Foresight Planning.pdf]
[www.rit.edu/dubai/sites/rit.edu.dubai/files/JD - ME faculty.pdf]
[www.rit.edu/dubai/sites/rit.edu.dubai/files/Faculty of City Sciences_0.pdf]
[www.rit.edu/dubai/sites/rit.edu.dubai/files/Adjunct Lecturer in Mathematics- Spring 2023.pdf]
[www.rit.edu/dubai/sites/rit.edu.dubai/files/JD - Adjunct Biology Lab Instructor Spring 2023.pdf]
[www.rit.edu/dubai/sites/rit.edu.dubai/files/Visiting Faculty in Management - Spring 2023.pdf]
[www.rit.edu/dubai/sites/rit.edu.dubai/files/Visiting Assistant Professor of Statistics- Spring 2023.pdf]
[www.rit.edu/dubai/sites/rit.edu.dubai/files/Adjunct Mechanical Engineering.pdf]
[www.rit.edu/dubai/sites/rit.edu.dubai/files/IE adjunct.pdf]
[www.rit.edu/dubai/sites/rit.edu.dubai/files/Academic Advisor_4.pdf]
[www.rit.edu/dubai/sites/rit.edu.dubai/files/RIT Dubai Student admissions counselor.pdf]
[www.rit.edu/dubai/sites/rit.edu.dubai/files/Graduate Teaching Assistant - Mechanical Engineering_Engineering Management_Updated_0.pdf]
[www.rit.edu/dubai/sites/rit.edu.dubai/files/JD - Technical Support coordinator.pdf]
[www.rit.edu/dubai/sites/rit.edu.dubai/files/Student Enrolment Counselor.pdf]
[www.rit.edu/dubai/sites/rit.edu.dubai/files/Librarary Assistant - Part Time.pdf]
[www.rit.edu/dubai/inside/about-rit/employment-rit-dubai.html]
[www.rit.edu/dubai/node/1245.html]
[www.rit.edu/dubai/system/files/cbanner.png]
[www.rit.edu/dubai/sites/rit.edu.dubai/files/البروتوكول الوطني لتشغيل المنشآت التعليمية في أثناء الجائحة - الإصدار السابع بتاريخ 19.08.2021.pdf]
[www.rit.edu/dubai/sites/rit.edu.dubai/files/National Protocol for the Operation of Educational Establishments during the Pandemic- Seventh release 19.08.2021.137]
[www.rit.edu/dubai/covid-protocol-and-faqs.html]
[www.rit.edu/dubai/covid-vaccination.html]
[www.rit.edu/dubai/node/377.html]
[www.rit.edu/dubai/sites/rit.edu.dubai/files/history-banner.png]
[www.rit.edu/dubai/sites/rit.edu.dubai/files/RIT Dubai Organizational Chart_0.png]
[www.rit.edu/dubai/inside/about-rit/history-rit.html]
[www.rit.edu/dubai/node/255.html]
[www.rit.edu/dubai/sites/rit.edu.dubai/files/Accredi.png]
[www.rit.edu/dubai/DrupalThemes/ritdubai/images/Accredited-American-University-in-Dubai-UAE.png]
[www.rit.edu/dubai/DrupalThemes/ritdubai/images/recognised-university.png]
[www.rit.edu/dubai/inside/accreditation-rewards/national-and-international-accreditations.html]
[www.rit.edu/dubai/node/134.html]
[www.rit.edu/dubai/sites/rit.edu.dubai/files/International-Faculty_0.png]
[www.rit.edu/dubai/dr-panagiotis-kokkalis.html]
[www.rit.edu/dubai/sites/rit.edu.dubai/files/styles/faculty_profiles/public/panagiotis-010990.png]
[www.rit.edu/dubai/mr-ali-daneji.html]
[www.rit.edu/dubai/sites/rit.edu.dubai/files/styles/faculty_profiles/public/ali daneji-01f962.png]
[www.rit.edu/dubai/mr-osama-abdulrahman.html]
[www.rit.edu/dubai/sites/rit.edu.dubai/files/styles/faculty_profiles/public/osama-01a35a.png]
[www.rit.edu/dubai/ms-naziya-begum.html]
[www.rit.edu/dubai/sites/rit.edu.dubai/files/styles/faculty_profiles/public/Naziya-012590.png]
[www.rit.edu/dubai/mr-mohannad-ali.html]
[www.rit.edu/dubai/sites/rit.edu.dubai/files/styles/faculty_profiles/public/muhannad ali-01_0843f.png]
[www.rit.edu/dubai/dr-jason-barry.html]
[www.rit.edu/dubai/sites/rit.edu.dubai/files/styles/faculty_profiles/public/placeholder_09a97.jpg]
[www.rit.edu/dubai/dr-mirosh-thomas.html]
[www.rit.edu/dubai/sites/rit.edu.dubai/files/styles/faculty_profiles/public/mirosh-0184d4.png]
[www.rit.edu/dubai/dr-john-mccarthy.html]
[www.rit.edu/dubai/sites/rit.edu.dubai/files/styles/faculty_profiles/public/john macarthy-012d24.png]
[www.rit.edu/dubai/ms-elizabeth-torres.html]
[www.rit.edu/dubai/sites/rit.edu.dubai/files/styles/faculty_profiles/public/placeholder_0_02cd8.jpg]
[www.rit.edu/dubai/dr-amir-klincar.html]
[www.rit.edu/dubai/sites/rit.edu.dubai/files/styles/faculty_profiles/public/amir Klincar-0190b3.png]
[www.rit.edu/dubai/dr-amer-al-fadli.html]
[www.rit.edu/dubai/sites/rit.edu.dubai/files/styles/faculty_profiles/public/ameralfadi-01ef7a.png]
[www.rit.edu/dubai/dr-alina-maydybura.html]
[www.rit.edu/dubai/sites/rit.edu.dubai/files/styles/faculty_profiles/public/alina-01ca59.png]
[www.rit.edu/dubai/dr-amol-gore.html]
[www.rit.edu/dubai/sites/rit.edu.dubai/files/styles/faculty_profiles/public/amol-01b3be.png]
[www.rit.edu/dubai/dr-adolf-acquaye.html]
[www.rit.edu/dubai/sites/rit.edu.dubai/files/styles/faculty_profiles/public/adolf-015c04.png]
[www.rit.edu/dubai/dr-huda-saadeh.html]
[www.rit.edu/dubai/sites/rit.edu.dubai/files/styles/faculty_profiles/public/huda saadeh-019d17.png]
[www.rit.edu/dubai/dr-ayman-ibrahim.html]
[www.rit.edu/dubai/sites/rit.edu.dubai/files/styles/faculty_profiles/public/Ayman Ibrahim-01fc7c.png]
[www.rit.edu/dubai/dr-kevsar-ovaz-akpinar.html]
[www.rit.edu/dubai/sites/rit.edu.dubai/files/styles/faculty_profiles/public/Kevsar-01c8cc.png]
[www.rit.edu/dubai/dr-adrianne-calfo.html]
[www.rit.edu/dubai/sites/rit.edu.dubai/files/styles/faculty_profiles/public/Adriane-01b00c.png]
[www.rit.edu/dubai/dr-belal-al-khamaiseh.html]
[www.rit.edu/dubai/sites/rit.edu.dubai/files/styles/faculty_profiles/public/Belal-01c504.png]
[www.rit.edu/dubai/dr-jillian-m-pandor.html]
[www.rit.edu/dubai/sites/rit.edu.dubai/files/styles/faculty_profiles/public/Jilian-01bd50.png]
[www.rit.edu/dubai/dr-john-dayton.html]
[www.rit.edu/dubai/sites/rit.edu.dubai/files/styles/faculty_profiles/public/John-01a0d9.png]
[www.rit.edu/dubai/dr-ali-sayyad.html]
[www.rit.edu/dubai/sites/rit.edu.dubai/files/styles/faculty_profiles/public/placeholder_0497c.jpg]
[www.rit.edu/dubai/dr-muhieddin-amer.html]
[www.rit.edu/dubai/sites/rit.edu.dubai/files/styles/faculty_profiles/public/Muhieddin-019bdc.png]
[www.rit.edu/dubai/dr-sanjay-modak.html]
[www.rit.edu/dubai/sites/rit.edu.dubai/files/styles/faculty_profiles/public/Sanjay-01_0b0b4.png]
[www.rit.edu/dubai/dr-dua-weraikat.html]
[www.rit.edu/dubai/sites/rit.edu.dubai/files/styles/faculty_profiles/public/Duaa-01396e.png]
[www.rit.edu/dubai/dr-rouba-borghol.html]
[www.rit.edu/dubai/sites/rit.edu.dubai/files/styles/faculty_profiles/public/Rouba-018968.png]
[www.rit.edu/dubai/dr-jinane-mounsef.html]
[www.rit.edu/dubai/sites/rit.edu.dubai/files/styles/faculty_profiles/public/Jinane_0b210.jpg]
[www.rit.edu/dubai/dr-wesam-almobaideen.html]
[www.rit.edu/dubai/sites/rit.edu.dubai/files/styles/faculty_profiles/public/Wessam-01e1ec.png]
[www.rit.edu/dubai/dr-omar-abdul-latif.html]
[www.rit.edu/dubai/sites/rit.edu.dubai/files/styles/faculty_profiles/public/Omar-019b9e.png]
[www.rit.edu/dubai/dr-ali-raza.html]
[www.rit.edu/dubai/sites/rit.edu.dubai/files/styles/faculty_profiles/public/Ali Raza-01b1f4.png]
[www.rit.edu/dubai/dr-boutheina-tlili.html]
[www.rit.edu/dubai/sites/rit.edu.dubai/files/styles/faculty_profiles/public/Bouthaina-016be3.png]
[www.rit.edu/dubai/dr-abdulla-ismail.html]
[www.rit.edu/dubai/sites/rit.edu.dubai/files/styles/faculty_profiles/public/abdulla92f0.jpg]
[www.rit.edu/dubai/dr-john-ireland.html]
[www.rit.edu/dubai/sites/rit.edu.dubai/files/styles/faculty_profiles/public/John Ireland-011a2d.png]
[www.rit.edu/dubai/dr-jamaal-pitt.html]
[www.rit.edu/dubai/sites/rit.edu.dubai/files/styles/faculty_profiles/public/Jameel Pitt-01b1aa.png]
[www.rit.edu/dubai/dr-vandana-savara.html]
[www.rit.edu/dubai/sites/rit.edu.dubai/files/styles/faculty_profiles/public/vandana8ceb.jpg]
[www.rit.edu/dubai/dr-nasih-osmanovic.html]
[www.rit.edu/dubai/sites/rit.edu.dubai/files/styles/faculty_profiles/public/Nasih-01d794.png]
[www.rit.edu/dubai/dr-salameh-ahmad.html]
[www.rit.edu/dubai/sites/rit.edu.dubai/files/styles/faculty_profiles/public/Salamah-01f740.png]
[www.rit.edu/dubai/dr-jameel-maki.html]
[www.rit.edu/dubai/sites/rit.edu.dubai/files/styles/faculty_profiles/public/Jameel Makki-011a23.png]
[www.rit.edu/dubai/dr-khalil-al-hussaeni.html]
[www.rit.edu/dubai/sites/rit.edu.dubai/files/styles/faculty_profiles/public/Khalil-01d95b.png]
[www.rit.edu/dubai/dr-rizwan-tahir.html]
[www.rit.edu/dubai/sites/rit.edu.dubai/files/styles/faculty_profiles/public/Rizwan Tahir-01b882.png]
[www.rit.edu/dubai/dr-yahya-haidar.html]
[www.rit.edu/dubai/sites/rit.edu.dubai/files/styles/faculty_profiles/public/Yehya-012edc.png]
[www.rit.edu/dubai/dr-rema-m-amawi.html]
[www.rit.edu/dubai/sites/rit.edu.dubai/files/styles/faculty_profiles/public/Reema_0faf3.png]
[www.rit.edu/dubai/dr-mohamed-abdul-rahman.html]
[www.rit.edu/dubai/sites/rit.edu.dubai/files/styles/faculty_profiles/public/Mo Abdelrahman-017204.png]
[www.rit.edu/dubai/dr-wael-samad.html]
[www.rit.edu/dubai/sites/rit.edu.dubai/files/styles/faculty_profiles/public/Wael Picture-018f92.png]
[www.rit.edu/dubai/dr-mohamed-samaha.html]
[www.rit.edu/dubai/sites/rit.edu.dubai/files/styles/faculty_profiles/public/Samaha-01f1af.png]
[www.rit.edu/dubai/dr-salman-pervaiz.html]
[www.rit.edu/dubai/sites/rit.edu.dubai/files/styles/faculty_profiles/public/Salman-01ef70.png]
[www.rit.edu/dubai/dr-ghalib-y-kahwaji.html]
[www.rit.edu/dubai/sites/rit.edu.dubai/files/styles/faculty_profiles/public/Ghalib-010e01.png]
[www.rit.edu/dubai/ms-nastaran-naghshineh.html]
[www.rit.edu/dubai/sites/rit.edu.dubai/files/styles/faculty_profiles/public/Nastaran-01e09b.png]
[www.rit.edu/dubai/dr-philippe-bouvier.html]
[www.rit.edu/dubai/sites/rit.edu.dubai/files/styles/faculty_profiles/public/Phillipe-01_03ad6.png]
[www.rit.edu/dubai/dr-ehsan-warraich.html]
[www.rit.edu/dubai/sites/rit.edu.dubai/files/styles/faculty_profiles/public/Ehsan-01180b.png]
[www.rit.edu/dubai/dr-erik-golen.html]
[www.rit.edu/dubai/sites/rit.edu.dubai/files/styles/faculty_profiles/public/Erik-01_038e6.png]
[www.rit.edu/dubai/dr-giovanna-potesta.html]
[www.rit.edu/dubai/sites/rit.edu.dubai/files/styles/faculty_profiles/public/Giovanna-01_0d31d.png]
[www.rit.edu/dubai/dr-hammou-messatfa.html]
[www.rit.edu/dubai/sites/rit.edu.dubai/files/styles/faculty_profiles/public/placeholder_21657.jpg]
[www.rit.edu/dubai/dr-charles-border.html]
[www.rit.edu/dubai/sites/rit.edu.dubai/files/styles/faculty_profiles/public/placeholder_125dc2.jpg]
[www.rit.edu/dubai/dr-mick-mcquaid.html]
[www.rit.edu/dubai/sites/rit.edu.dubai/files/styles/faculty_profiles/public/McQuaid-01_0b786.png]
[www.rit.edu/dubai/dr-eric-hittinger.html]
[www.rit.edu/dubai/sites/rit.edu.dubai/files/styles/faculty_profiles/public/Eric-01_04d2a.png]
[www.rit.edu/dubai/dr-ioannis-karamitsos.html]
[www.rit.edu/dubai/sites/rit.edu.dubai/files/styles/faculty_profiles/public/Ionnis-01_0c4ee.png]
[www.rit.edu/dubai/inside/faculty-research/faculty-rit-dubai.html]
[www.rit.edu/dubai/node/376.html]
[www.rit.edu/dubai/sites/rit.edu.dubai/files/direction-banner.png]
[www.rit.edu/dubai/inside/visit-rit-dubai/direction-campus.html]
[www.rit.edu/dubai/node/508.html]
[www.rit.edu/dubai/sites/rit.edu.dubai/files/News-and-Media.png]
[www.rit.edu/dubai/sites/rit.edu.dubai/files/styles/large/public/Untitled-1_11330a.png]
[www.rit.edu/dubai/smart-grids-infrastructure.html]
[www.rit.edu/dubai/sites/rit.edu.dubai/files/styles/large/public/RIT-Dubai_183cb4f8cd8_largef243.jpg]
[www.rit.edu/dubai/rit-dubai-student-secures-gold-honour-international-astronomy-and-astrophysics-competition.html]
[www.rit.edu/dubai/sites/rit.edu.dubai/files/styles/large/public/downloaddfdb.jpg]
[www.rit.edu/dubai/dubai-university-named-among-top-10-quirkiest-college-campuses.html]
[www.rit.edu/dubai/sites/rit.edu.dubai/files/styles/large/public/Untitled-4d95e.png]
[www.rit.edu/dubai/organic-antenna-package-designs-millimeter-wave-applications.html]
[www.rit.edu/dubai/sites/rit.edu.dubai/files/styles/large/public/1200x900_Image_01_182ac1598d0_large545f.jpg]
[www.rit.edu/dubai/rit-dubai-smart-cities-program-supports-vision-holistic-urban-communities.html]
[www.rit.edu/dubai/sites/rit.edu.dubai/files/styles/large/public/Zulfa0d9c.png]
[www.rit.edu/dubai/rit-dubai-graduate-fuses-careers-art-and-engineering.html]
[www.rit.edu/dubai/sites/rit.edu.dubai/files/styles/large/public/RIT x One Moto-01ccd1.png]
[www.rit.edu/dubai/rit-dubai-and-one-moto-launch-uaes-first-smart-mobility-and-innovation-centre.html]
[www.rit.edu/dubai/sites/rit.edu.dubai/files/styles/large/public/RIT-Dubai-new-for-web-1_181fb9f84e9_largefb8e.jpg]
[www.rit.edu/dubai/rit-dubai-students-showcase-regional-talent-international-yachting-event.html]
[www.rit.edu/dubai/sites/rit.edu.dubai/files/styles/large/public/RIT graduation ceremonye7fd.jpg]
[www.rit.edu/dubai/hh-ahmed-bin-saeed-attends-rit-dubai-graduation-ceremony.html]
[www.rit.edu/dubai/sites/rit.edu.dubai/files/styles/large/public/IMG_2428f2fd.jpg]
[www.rit.edu/dubai/tigers-win-yas-schools-4x4-challenge.html]
[www.rit.edu/dubai/sites/rit.edu.dubai/files/styles/large/public/IMG_16629126.jpg]
[www.rit.edu/dubai/airc-ros-workshop.html]
[www.rit.edu/dubai/sites/rit.edu.dubai/files/styles/large/public/Screen Shot 2022-03-31 at 11.51.35 AMba8b.png]
[www.rit.edu/dubai/rit-dubai-student-launches-campus-coffee-truck.html]
[www.rit.edu/dubai/sites/rit.edu.dubai/files/styles/large/public/Lead-Image_17fab6c5b1a_largedc8c.jpg]
[www.rit.edu/dubai/rit-dubai-students-unveil-clean-energy-boat-design-dubai-expo-2020.html]
[www.rit.edu/dubai/sites/rit.edu.dubai/files/styles/large/public/GEMS-at-RIT852b.png]
[www.rit.edu/dubai/gems-high-school-students-visit-rit-dubai.html]
[www.rit.edu/dubai/sites/rit.edu.dubai/files/styles/large/public/Source2b68.png]
[www.rit.edu/dubai/talent-talent-conference.html]
[www.rit.edu/dubai/sites/rit.edu.dubai/files/styles/large/public/01_0f9a0.jpg]
[www.rit.edu/dubai/rochester-institute-technology-dubai-offers-emerging-tech-training-certnexus-authorized-academic.html]
[www.rit.edu/dubai/sites/rit.edu.dubai/files/styles/large/public/Untitled-2_18342.jpg]
[www.rit.edu/dubai/rit-dubai-student-named-youngest-emerging-entrepreneur-year-2021.html]
[www.rit.edu/dubai/sites/rit.edu.dubai/files/styles/large/public/RIT-Dubai_17d8aa4b748_large8532.jpg]
[www.rit.edu/dubai/rit-dubai-graduate-creates-new-platform-connect-uae-padel-community.html]
[www.rit.edu/dubai/sites/rit.edu.dubai/files/styles/large/public/webbb307d.png]
[www.rit.edu/dubai/sheikh-hamdan-inaugurates-new-rit-campus-dubai-silicon-oasis.html]
[www.rit.edu/dubai/sites/rit.edu.dubai/files/styles/large/public/Untitled-2_067f2.jpg]
[www.rit.edu/dubai/rit-dubai-visited-emirates-engine-maintenance-centre.html]
[www.rit.edu/dubai/sites/rit.edu.dubai/files/styles/large/public/AICP9577.png]
[www.rit.edu/dubai/rit-dubai-and-stallion-ai-collaborate-award-artificial-intelligence-citizenship.html]
[www.rit.edu/dubai/sites/rit.edu.dubai/files/styles/large/public/Untitled-13d132.png]
[www.rit.edu/dubai/stock-trak-competition-2021.html]
[www.rit.edu/dubai/sites/rit.edu.dubai/files/styles/large/public/01f4b9.jpg]
[www.rit.edu/dubai/johnson-controls-partners-dubai-silicon-oasis-authority-power-rit-dubai.html]
[www.rit.edu/dubai/sites/rit.edu.dubai/files/styles/large/public/Fac Scholarship-02a3d1.png]
[www.rit.edu/dubai/faculty-scholarship-dr-mejda-bahlous-boldi.html]
[www.rit.edu/dubai/sites/rit.edu.dubai/files/styles/large/public/RIT-Dubai-Ready5e04.png]
[www.rit.edu/dubai/covid-updates.html]
[www.rit.edu/dubai/sites/rit.edu.dubai/files/styles/large/public/-_17aaa490c22_baseaad1.jpg]
[www.rit.edu/dubai/rit-dubai-building-culture-innovation.html]
[www.rit.edu/dubai/sites/rit.edu.dubai/files/styles/large/public/RIT_17a7ffc8521_large2502.jpg]
[www.rit.edu/dubai/rit-dubai-host-open-week-new-dso-campus.html]
[www.rit.edu/dubai/sites/rit.edu.dubai/files/styles/large/public/20210606_120333 9.26.14 AM3c45.jpg]
[www.rit.edu/dubai/rit-dubai-students-create-information-platform-crypto-markets.html]
[www.rit.edu/dubai/sites/rit.edu.dubai/files/styles/large/public/DSC_ (313)_083cd.jpg]
[www.rit.edu/dubai/commencement-ceremony-class-2020-2021.html]
[www.rit.edu/dubai/sites/rit.edu.dubai/files/styles/large/public/Trading086a.jpg]
[www.rit.edu/dubai/rit’s-first-international-investment-competition.html]
[www.rit.edu/dubai/sites/rit.edu.dubai/files/styles/large/public/DSC041580a04.jpg]
[www.rit.edu/dubai/transforming-and-innovating-disruptive-technologies-mena-region.html]
[www.rit.edu/dubai/sites/rit.edu.dubai/files/styles/large/public/RITDubaiTeam6dff.jpg]
[www.rit.edu/dubai/rit-dubai-tigers-under-spotlight.html]
[www.rit.edu/dubai/sites/rit.edu.dubai/files/styles/large/public/DSC047982bfd.jpg]
[www.rit.edu/dubai/10th-annual-engineering-competition.html]
[www.rit.edu/dubai/sites/rit.edu.dubai/files/styles/large/public/60890954_1154028321425081_7471441579597627392_o_1df82.jpg]
[www.rit.edu/dubai/rochester-institute-technology-dubai-collaborates-ibm-bridge-skills-gap-data-science-and-analytics.html]
[www.rit.edu/dubai/sites/rit.edu.dubai/files/styles/large/public/51877556_1090126051148642_6789342125214400512_o28f5.jpg]
[www.rit.edu/dubai/tigers-win-1st-and-2nd-places-kicc-kpmg-challenge.html]
[www.rit.edu/dubai/sites/rit.edu.dubai/files/styles/large/public/45667833_1028859887275259_1330229604400496640_o8a03.jpg]
[www.rit.edu/dubai/he-hussain-bin-ibrahim-al-hammadi-visits-rit-dubai.html]
[www.rit.edu/dubai/sites/rit.edu.dubai/files/styles/large/public/Gitexd479.jpg]
[www.rit.edu/dubai/all-news.html]
[www.rit.edu/dubai/rit-dubai-signs-mou-dg-world-gitex-2018.html]
[www.rit.edu/dubai/node.html]
[www.rit.edu/dubai/node/959.html]
[www.rit.edu/dubai/system/files/ug-programs-banner.png]
[www.rit.edu/dubai/sites/rit.edu.dubai/files/early-decision_1.jpg]
[www.rit.edu/dubai/undergraduate-degree-programs.html]
[www.rit.edu/dubai/node/963.html]
[www.rit.edu/dubai/system/files/graduate-programs-banner.png]
[www.rit.edu/dubai/sites/rit.edu.dubai/files/RIT-01.png]
[www.rit.edu/dubai/graduate-degree-programs.html]
[www.rit.edu/dubai/sites/rit.edu.dubai/files/admission-banner.png]
[www.rit.edu/dubai/sites/rit.edu.dubai/files/Business and CIT.pdf]
[www.rit.edu/dubai/sites/rit.edu.dubai/files/Engr and CS .pdf]
[www.rit.edu/dubai/inside/student-life/student-housing.html]
[www.rit.edu/dubai/inside/student-life/student-parking-and-transportation.html]
[www.rit.edu/dubai/sites/rit.edu.dubai/files/RIT Dubai Bachelor Tuition & Other Fees 2022-23_0.pdf]
[www.rit.edu/dubai/sites/rit.edu.dubai/files/RIT Dubai Master Tuition & Other Fees 2022-23_0.pdf]
[www.rit.edu/dubai/sites/rit.edu.dubai/files/Student Referral T&C.pdf]
[www.rit.edu/dubai/sites/rit.edu.dubai/files/Ahtletic Scholarship FAQs.pdf]
[www.rit.edu/dubai/admission.html]
[www.rit.edu/dubai/node/281.html]
[www.rit.edu/dubai/sites/rit.edu.dubai/files/Student-Life-New-Banner.png]
[www.rit.edu/dubai/inside/student-life/official-university-letters.html]
[www.rit.edu/dubai/inside/student-life/student-government-bylaws.html]
[www.rit.edu/dubai/inside/student-life/student-mail.html]
[www.rit.edu/dubai/inside/student-life/student-discounts.html]
[www.rit.edu/dubai/inside/student-life/health-insurance.html]
[www.rit.edu/dubai/inside/student-life/student-visa.html]
[www.rit.edu/dubai/inside/student-life/fitness-center.html]
[www.rit.edu/dubai/inside/student-life/athletics.html]
[www.rit.edu/dubai/events-rit-dubai.html]
[www.rit.edu/dubai/incident-report.html]
[www.rit.edu/dubai/inside/career-services.html]
[www.rit.edu/dubai/inside/student-resources.html]
[www.rit.edu/dubai/inside/frequently-asked-questions.html]
[www.rit.edu/dubai/inside/career-services-alumni/where-are-they-now.html]
[www.rit.edu/dubai/inside/career-services-alumni/alumni-award.html]
[www.rit.edu/dubai/inside/career-services-alumni/past-events.html]
[www.rit.edu/dubai/inside/academic-affairs/academic-calendar.html]
[www.rit.edu/dubai/inside/support/forms.html]
[www.rit.edu/dubai/inside/support/advising-resources.html]
[www.rit.edu/dubai/inside/support/program-requirements.html]
[www.rit.edu/dubai/inside/support/transfer-and-study-abroad.html]
[www.rit.edu/dubai/inside/graduate-orientation/graduate-orientation.html]
[www.rit.edu/dubai/sites/rit.edu.dubai/files/Student-Life-Inside.png]
[www.rit.edu/dubai/sites/rit.edu.dubai/files/Student Life-09_0.jpg]
[www.rit.edu/dubai/sites/rit.edu.dubai/files/Student Life-04.jpg]
[www.rit.edu/dubai/sites/rit.edu.dubai/files/Student Life-10.jpg]
[www.rit.edu/dubai/sites/rit.edu.dubai/files/Student Life-07.jpg]
[www.rit.edu/dubai/sites/rit.edu.dubai/files/Student Life-03.jpg]
[www.rit.edu/dubai/sites/rit.edu.dubai/files/Student Life-05.jpg]
[www.rit.edu/dubai/sites/rit.edu.dubai/files/Student Life-02.jpg]
[www.rit.edu/dubai/sites/rit.edu.dubai/files/Student Life-08.jpg]
[www.rit.edu/dubai/sites/rit.edu.dubai/files/Student Life-06.jpg]
[www.rit.edu/dubai/sites/rit.edu.dubai/files/Student Life-01.jpg]
[www.rit.edu/dubai/inside/student-life/more-about-student-life.html]
[www.rit.edu/dubai/node/346.html]
[www.rit.edu/dubai/sites/rit.edu.dubai/files/Handbooks-and-Publications_0.png]
[www.rit.edu/dubai/sites/rit.edu.dubai/files/Student Athlete handbook 2020.21.pdf]
[www.rit.edu/dubai/inside/student-life/student-handbook.html]
[www.rit.edu/dubai/node/1115.html]
[www.rit.edu/dubai/sites/rit.edu.dubai/files/career_0.png]
[www.rit.edu/dubai/inside/co-op-office.html]
[www.rit.edu/dubai/node/668.html]
[www.rit.edu/dubai/sites/rit.edu.dubai/files/Alumni_1_0.png]
[www.rit.edu/dubai/inside/career-services-alumni/introduction.html]
[www.rit.edu/dubai/node/358.html]
[www.rit.edu/dubai/sites/rit.edu.dubai/files/Academic-Affairs_2.png]
[www.rit.edu/dubai/inside/academic-affairs/academic-affairs.html]
[www.rit.edu/dubai/node/354.html]
[www.rit.edu/dubai/sites/rit.edu.dubai/files/schedule.png]
[www.rit.edu/dubai/inside/support/introduction-and-schedules.html]
[www.rit.edu/dubai/node/1480.html]
[www.rit.edu/dubai/sites/rit.edu.dubai/files/ASC.png]
[www.rit.edu/dubai/inside/support/academic-support-center.html]
[www.rit.edu/dubai/node/656.html]
[www.rit.edu/dubai/sites/rit.edu.dubai/files/undergraduate-orientation_0.png]
[www.rit.edu/dubai/sites/rit.edu.dubai/files/New Student Orientation_rgb_hor_k1.png]
[www.rit.edu/dubai/sites/rit.edu.dubai/files/Fall 2022 - Orientation Schedule - Business  Psychology.pdf]
[www.rit.edu/dubai/sites/rit.edu.dubai/files/Fall 2022 - Orientation Schedule - Computing  Electrical   Microelectronics.pdf]
[www.rit.edu/dubai/sites/rit.edu.dubai/files/Fall 2022 - Orientation Schedule - Mechanical and Industrial Engineering.pdf]
[www.rit.edu/dubai/housing-application.html]
[www.rit.edu/dubai/inside/freshman-orientation/freshman-orientation.html]
[www.rit.edu/dubai/student-transport.html]
[www.rit.edu/dubai/node/131.html]
[www.rit.edu/dubai/sites/all/modules/field_group/field_group2559.js]
[www.rit.edu/dubai/sites/rit.edu.dubai/files/Gateway_0.png]
[www.rit.edu/dubai/activities/corporate-relations/strategic-partners.html]
[www.rit.edu/dubai/activities/professional-training-programs/smart-grids-architecture-analysis-and-design.html]
[www.rit.edu/dubai/activities/professional-training-programs/web-security-digital-transformation.html]
[www.rit.edu/dubai/activities/corporate-relations/corporate-gateway.html]
[www.rit.edu/dubai/activities/student-alumnus/certification-courses.html]
[www.rit.edu/dubai/node/1278.html]
[www.rit.edu/dubai/sites/rit.edu.dubai/files/AI.png]
[www.rit.edu/dubai/activities/corporate-relations/ai-citizenship-program.html]
[www.rit.edu/dubai/node/373.html]
[www.rit.edu/dubai/sites/rit.edu.dubai/files/pdp-banner_2.png]
[www.rit.edu/dubai/activities/professional-training-programs/smart-grid-cyber-security.html]
[www.rit.edu/dubai/diploma-registration.html]
[www.rit.edu/dubai/nodecc44.html]
[www.rit.edu/dubai/node57aa.html]
[www.rit.edu/dubai/nodeb4b2.html]
[www.rit.edu/dubai/noded527.html]
[www.rit.edu/dubai/noded5b6.html]
[www.rit.edu/dubai/nodeee94.html]
[www.rit.edu/dubai/nodefca5.html]
[www.rit.edu/dubai/node49c9.html]
[www.rit.edu/dubai/nodea1be.html]
[www.rit.edu/dubai/node4d99.html]
[www.rit.edu/dubai/node7adc.html]
[www.rit.edu/dubai/node5686.html]
[www.rit.edu/dubai/nodee6a2.html]
[www.rit.edu/dubai/nodeddaa.html]
[www.rit.edu/dubai/nodea01f.html]
[www.rit.edu/dubai/node2ceb.html]
[www.rit.edu/dubai/node40dc.html]
[www.rit.edu/dubai/node2499.html]
[www.rit.edu/dubai/nodeccaa.html]
[www.rit.edu/dubai/node14ad.html]
[www.rit.edu/dubai/node74e2.html]
[www.rit.edu/dubai/node0842.html]
[www.rit.edu/dubai/node7aad.html]
[www.rit.edu/dubai/nodeed5c.html]
[www.rit.edu/dubai/node8f24.html]
[www.rit.edu/dubai/node0ba8.html]
[www.rit.edu/dubai/nodeed82.html]
[www.rit.edu/dubai/node85b0.html]
[www.rit.edu/dubai/node4d70.html]
[www.rit.edu/dubai/nodef915.html]
[www.rit.edu/dubai/node7642.html]
[www.rit.edu/dubai/nodeb16c.html]
[www.rit.edu/dubai/node9abc.html]
[www.rit.edu/dubai/node2c77.html]
[www.rit.edu/dubai/node6d10.html]
[www.rit.edu/dubai/node34d7.html]
[www.rit.edu/dubai/node35c8.html]
[www.rit.edu/dubai/node6f34.html]
[www.rit.edu/dubai/node8bc5.html]
[www.rit.edu/dubai/node0012.html]
[www.rit.edu/dubai/node/107.html]
[www.rit.edu/dubai/sites/rit.edu.dubai/files/Finance_0.png]
[www.rit.edu/dubai/node7f59.html]
[www.rit.edu/dubai/programs/bachelor-science-electrical-engineering-energy-option.html]
[www.rit.edu/dubai/programs/general-education.html]
[www.rit.edu/dubai/programs/science-and-liberal-arts.html]
[www.rit.edu/dubai/programs/minors.html]
[www.rit.edu/dubai/sites/rit.edu.dubai/files/Graduation Policy.pdf]
[www.rit.edu/dubai/programs/immersions.html]
[www-staging.rit.edu/dubai/sites/rit.edu.dubai/files/styles/faculty_profiles/public/default_images/profile image5034.png]
[www.rit.edu/dubai/programs/undergraduate/bachelor-science-in-finance.html]
[www.rit.edu/dubai/sites/rit.edu.dubai/files/Marketing_0.png]
[www.rit.edu/dubai/programs/undergraduate/bachelor-science-in-marketing.html]
[www.rit.edu/dubai/node/111.html]
[www.rit.edu/dubai/node/102.html]
[www.rit.edu/dubai/sites/rit.edu.dubai/files/ME.png]
[www.rit.edu/dubai/sites/rit.edu.dubai/files/BACHELOR OF SCIENCE IN MECHANICAL ENGINEERING_3.pdf]
[www.rit.edu/dubai/sites/rit.edu.dubai/files/MECEDU-BS Flowchart Semesters 2020.pdf]
[www.rit.edu/dubai/sites/rit.edu.dubai/files/2019 MECEDU BS Flowchart Semesters 2018 v3.pdf]
[www.rit.edu/dubai/sites/rit.edu.dubai/files/MECEDU-BS Flowchart Semesters 2017.pdf]
[www.rit.edu/dubai/sites/rit.edu.dubai/files/UndergraduateHandbook 2019-20.pdf]
[www.rit.edu/dubai/industry-40-and-robotics-lab.html]
[www.rit.edu/dubai/solid-mechanics-lab.html]
[www.rit.edu/dubai/thermo-fluids-lab.html]
[www.rit.edu/dubai/materials-science-lab.html]
[www.rit.edu/dubai/mechanical-workshop.html]
[www.rit.edu/dubai/engineering-mechanics-instrumentation-lab.html]
[www.rit.edu/dubai/programs/department-mechanical-and-industrial-engineering/“.html]
[www.rit.edu/dubai/programs/department-mechanical-and-industrial-engineering/bachelor-science-mechanical-engineering.html]
[www.rit.edu/dubai/node/103.html]
[www.rit.edu/dubai/sites/rit.edu.dubai/files/MEE.png]
[www.rit.edu/dubai/smart-energy-lab.html]
[www.rit.edu/dubai/airobotics-lab.html]
[www.rit.edu/dubai/computer-security-lab.html]
[www.rit.edu/dubai/computer-networking-lab.html]
[www.rit.edu/dubai/digital-transformation-lab.html]
[www-staging.rit.edu/dubai/sites/rit.edu.dubai/files/styles/faculty_profiles/public/abdulla92f0.jpg]
[www.rit.edu/dubai/sites/rit.edu.dubai/files/Jinane.jpg]
[www.rit.edu/dubai/programs/undergraduate/bachelor-science-microelectronics-engineering.html]
[www.rit.edu/dubai/node/106.html]
[www.rit.edu/dubai/sites/rit.edu.dubai/files/EE_0.png]
[www.rit.edu/dubai/sites/rit.edu.dubai/files/click-here-button.png]
[www.rit.edu/dubai/sites/rit.edu.dubai/files/BACHELOR OF SCIENCE IN ELECTRICAL ENGINEERING_2.pdf]
[www.rit.edu/dubai/sites/rit.edu.dubai/files/Core BSEE.pdf]
[www.rit.edu/dubai/sites/rit.edu.dubai/files/BSEE with Energy Option.pdf]
[www.rit.edu/dubai/programs/undergraduate/bachelor-science-electrical-engineering.html]
[www.rit.edu/dubai/node/108.html]
[www.rit.edu/dubai/sites/rit.edu.dubai/files/IE.png]
[www.rit.edu/dubai/sites/rit.edu.dubai/files/BACHELOR OF SCIENCE IN INDUSTRIAL ENGINEERING_3.pdf]
[www.rit.edu/dubai/sites/rit.edu.dubai/files/ISEE-BS Flowchart August 2017.pdf]
[www.rit.edu/dubai/sites/rit.edu.dubai/files/ISEE-BS Professional Electives - 10-2018.pdf]
[www.rit.edu/dubai/programs/department-mechanical-and-industrial-engineering/bachelor-science-industrial-engineering.html]
[www.rit.edu/dubai/human-factors-lab.html]
[www.rit.edu/dubai/node/104.html]
[www.rit.edu/dubai/sites/rit.edu.dubai/files/CIT.png]
[www.rit.edu/dubai/programs/undergraduate/bachelor-science-computing-and-information-technologies.html]
[www.rit.edu/dubai/node/105.html]
[www.rit.edu/dubai/sites/rit.edu.dubai/files/CS.png]
[www.rit.edu/dubai/programs/undergraduate/bachelor-science-computing-security.html]
[www.rit.edu/dubai/node/1335.html]
[www.rit.edu/dubai/sites/rit.edu.dubai/files/psychology-banner.png]
[www.rit.edu/dubai/programs/sciences-and-liberal-arts/bachelor-science-psychology.html]
[www.rit.edu/dubai/node/113.html]
[www.rit.edu/dubai/sites/rit.edu.dubai/files/MEEM.png]
[www.rit.edu/dubai/sites/rit.edu.dubai/files/ghalib.jpg]
[www.rit.edu/dubai/sites/rit.edu.dubai/files/Adolf-01.png]
[www.rit.edu/dubai/sites/rit.edu.dubai/files/styles/faculty_profiles/public/dua0f74.jpg]
[www.rit.edu/dubai/programs/graduate-programs/master-engineering-engineering-management.html]
[www.rit.edu/dubai/node/114.html]
[www.rit.edu/dubai/sites/rit.edu.dubai/files/Smart-Cities-Banner.png]
[www.rit.edu/dubai/sites/rit.edu.dubai/files/Giovanna-01.png]
[www.rit.edu/dubai/sites/rit.edu.dubai/files/Eric-01.png]
[www.rit.edu/dubai/sites/rit.edu.dubai/files/Phillipe-01.png]
[www.rit.edu/dubai/sites/rit.edu.dubai/files/McQuaid-01.png]
[www.rit.edu/dubai/sites/rit.edu.dubai/files/Ionnis-01.png]
[www.rit.edu/dubai/programs/graduate-programs/master-science-professional-studies-smart-cities.html]
[www.rit.edu/dubai/node/115.html]
[www.rit.edu/dubai/sites/rit.edu.dubai/files/Data-Analytics-Banner.png]
[www.rit.edu/dubai/sites/rit.edu.dubai/files/Ehsan-01_0.png]
[www.rit.edu/dubai/sites/rit.edu.dubai/files/Erik-01.png]
[www.rit.edu/dubai/sites/rit.edu.dubai/files/styles/faculty_profiles/public/placeholder_1542af.jpg]
[www.rit.edu/dubai/programs/graduate-programs/master-science-professional-studies-data-analytics.html]
[www.rit.edu/dubai/node/116.html]
[www.rit.edu/dubai/sites/rit.edu.dubai/files/MSSLI.png]
[www.rit.edu/dubai/programs/graduate-programs/master-science-service-leadership-innovation.html]
[www.rit.edu/dubai/node/117.html]
[www.rit.edu/dubai/sites/rit.edu.dubai/files/MSEE.png]
[www.rit.edu/dubai/sites/rit.edu.dubai/files/abdulla.jpg]
[www.rit.edu/dubai/programs/graduate-programs/master-science-electrical-engineering.html]
[www.rit.edu/dubai/node/118.html]
[www.rit.edu/dubai/sites/rit.edu.dubai/files/ME-Banner.png]
[www.rit.edu/dubai/programs/graduate-programs/master-science-mechanical-engineering.html]
[www.rit.edu/dubai/node/683.html]
[www.rit.edu/dubai/sites/rit.edu.dubai/files/CS-Banner.png]
[www.rit.edu/dubai/programs/graduate-programs/master-science-computing-security.html]
[www.rit.edu/dubai/node/687.html]
[www.rit.edu/dubai/sites/rit.edu.dubai/files/FFP-Banner_0.png]
[www.rit.edu/dubai/programs/graduate-programs/master-science-professional-studies-future-foresight-and-planning.html]
[www.rit.edu/dubai/nodef43c.html]
[www.rit.edu/dubai/nodee78a.html]
[www.rit.edu/dubai/node622d.html]
[www.rit.edu/dubai/node1ac0.html]
[www.rit.edu/dubai/nodeb1da.html]
[www.rit.edu/dubai/node5f72.html]
[www.rit.edu/dubai/node/851.html]
[www.rit.edu/dubai/system/files/UG-App.png]
[www.rit.edu/dubai/online-undergraduate-application.html]
[www.rit.edu/dubai/node/847.html]
[www.rit.edu/dubai/system/files/Pg-App.png]
[www.rit.edu/dubai/online-graduate-application.html]
[www.rit.edu/dubai/node/855.html]
[www.rit.edu/dubai/system/files/Student-Referral-Program_0.png]
[www.rit.edu/dubai/student-referral-program.html]
[www.rit.edu/dubai/node/1139.html]
[www.rit.edu/dubai/system/files/Open-Day.png]
[www.rit.edu/dubai/open-day-registration.html]
[www.rit.edu/dubai/admission#admissions-scholarship-tuition.html]
[www.rit.edu/dubai/sites/rit.edu.dubai/files/Untitled-1_11.png]
[www.rit.edu/dubai/sites/rit.edu.dubai/files/RIT-Dubai_183cb4f8cd8_large.jpg]
[www.rit.edu/dubai/sites/rit.edu.dubai/files/download.jpg]
[www.rit.edu/dubai/sites/rit.edu.dubai/files/Untitled-4.png]
[www.rit.edu/dubai/sites/rit.edu.dubai/files/1200x900_Image_01_182ac1598d0_large.jpg]
[www.rit.edu/dubai/sites/rit.edu.dubai/files/Zulfa.png]
[www.rit.edu/dubai/sites/rit.edu.dubai/files/RIT x One Moto-01.png]
[www.rit.edu/dubai/all-news1.html]
[www.rit.edu/dubai/sites/all/libraries/flexslider/fonts/flexslider-icon.svg]
[www.rit.edu/dubai/sites/rit.edu.dubai/themes/ritdubai/fonts/glyphicons-halflings-regular.html]
[www.rit.edu/dubai/sites/rit.edu.dubai/themes/ritdubai/fonts/glyphicons-halflings-regulard41d.html]
[www.rit.edu/dubai/sites/rit.edu.dubai/themes/ritdubai/fonts/glyphicons-halflings-regular-2.html]
[www.rit.edu/dubai/sites/rit.edu.dubai/themes/ritdubai/fonts/glyphicons-halflings-regular-3.html]
[www.rit.edu/dubai/sites/rit.edu.dubai/themes/ritdubai/fonts/glyphicons-halflings-regular-4.html]
[www.rit.edu/dubai/sites/rit.edu.dubai/themes/ritdubai/fonts/glyphicons-halflings-regular-5.html]
[www.rit.edu/rit/sites/default/files/photoadv/diploma.html]
[www.rit.edu/dubai/sites/default/files/career.html]
[www.rit.edu/dubai/modules/system/system.base-rtl2559.css]
[www.rit.edu/dubai/modules/field/theme/field-rtl2559.css]
[www.rit.edu/dubai/sites/all/modules/views/css/views-rtl2559.css]
[www.rit.edu/dubai/sites/all/modules/ckeditor/css/ckeditor-rtl2559.css]
[www.rit.edu/dubai/sites/all/modules/nice_menus/css/nice_menus_default-rtl2559.css]
[www.rit.edu/dubai/sites/all/libraries/flexslider/flexslider-rtl2559.css]
[www.rit.edu/dubai/modules/locale/locale-rtl2559.css]
[www.rit.edu/dubai/ar/request-info.html]
[www.rit.edu/dubai/ar/rit-dubai-application.html]
[www.rit.edu/dubai/ar/contact-rit-dubai.html]
[www.rit.edu/dubai/ar/inside/about-rit/employment-rit-dubai.html]
[www.rit.edu/dubai/ar/covid-protocol-and-faqs.html]
[www.rit.edu/dubai/node/648.html]
[www.rit.edu/dubai/node/253.html]
[www.rit.edu/dubai/node/644.html]
[www.rit.edu/dubai/node/252.html]
[www.rit.edu/dubai/node/251.html]
[www.rit.edu/dubai/node/249.html]
[www.rit.edu/dubai/node/256.html]
[www.rit.edu/dubai/node/258.html]
[www.rit.edu/dubai/node/137.html]
[www.rit.edu/dubai/node/375.html]
[www.rit.edu/dubai/ar/node/377.html]
[www.rit.edu/dubai/ar/node/255.html]
[www.rit.edu/dubai/ar/node/1477.html]
[www.rit.edu/dubai/ar/node/1474.html]
[www.rit.edu/dubai/ar/node/1471.html]
[www.rit.edu/dubai/ar/node/1468.html]
[www.rit.edu/dubai/ar/node/1465.html]
[www.rit.edu/dubai/ar/node/1462.html]
[www.rit.edu/dubai/ar/node/1459.html]
[www.rit.edu/dubai/ar/node/1456.html]
[www.rit.edu/dubai/ar/node/1453.html]
[www.rit.edu/dubai/ar/node/1450.html]
[www.rit.edu/dubai/ar/node/1447.html]
[www.rit.edu/dubai/ar/node/1441.html]
[www.rit.edu/dubai/ar/node/1435.html]
[www.rit.edu/dubai/ar/node/1429.html]
[www.rit.edu/dubai/ar/node/1426.html]
[www.rit.edu/dubai/ar/node/1336.html]
[www.rit.edu/dubai/ar/node/1237.html]
[www.rit.edu/dubai/ar/node/1234.html]
[www.rit.edu/dubai/ar/node/1111.html]
[www.rit.edu/dubai/ar/node/1055.html]
[www.rit.edu/dubai/ar/node/1051.html]
[www.rit.edu/dubai/ar/node/552.html]
[www.rit.edu/dubai/ar/node/294.html]
[www.rit.edu/dubai/ar/node/303.html]
[www.rit.edu/dubai/ar/node/302.html]
[www.rit.edu/dubai/ar/node/301.html]
[www.rit.edu/dubai/ar/node/300.html]
[www.rit.edu/dubai/ar/node/299.html]
[www.rit.edu/dubai/ar/node/298.html]
[www.rit.edu/dubai/ar/node/297.html]
[www.rit.edu/dubai/ar/node/296.html]
[www.rit.edu/dubai/ar/node/295.html]
[www.rit.edu/dubai/ar/node/293.html]
[www.rit.edu/dubai/ar/node/292.html]
[www.rit.edu/dubai/ar/node/291.html]
[www.rit.edu/dubai/ar/node/290.html]
[www.rit.edu/dubai/ar/node/287.html]
[www.rit.edu/dubai/ar/node/286.html]
[www.rit.edu/dubai/ar/node/285.html]
[www.rit.edu/dubai/ar/node/283.html]
[www.rit.edu/dubai/ar/node/282.html]
[www.rit.edu/dubai/ar/node/264.html]
[www.rit.edu/dubai/ar/node/221.html]
[www.rit.edu/dubai/ar/node/220.html]
[www.rit.edu/dubai/ar/node/63.html]
[www.rit.edu/dubai/ar/node/219.html]
[www.rit.edu/dubai/ar/node/175.html]
[www.rit.edu/dubai/ar/node/64.html]
[www.rit.edu/dubai/ar/node/476.html]
[www.rit.edu/dubai/ar/node/480.html]
[www.rit.edu/dubai/ar/node/484.html]
[www.rit.edu/dubai/ar/node/460.html]
[www.rit.edu/dubai/ar/node/488.html]
[www.rit.edu/dubai/ar/node/464.html]
[www.rit.edu/dubai/ar/node/500.html]
[www.rit.edu/dubai/ar/node/468.html]
[www.rit.edu/dubai/ar/node/134.html]
[www.rit.edu/dubai/ar/node/376.html]
[www.rit.edu/dubai/ar/node/504.html]
[www.rit.edu/dubai/ar/node/1414.html]
[www.rit.edu/dubai/ar/node/1411.html]
[www.rit.edu/dubai/ar/node/1405.html]
[www.rit.edu/dubai/ar/node/1402.html]
[www.rit.edu/dubai/ar/node/1395.html]
[www.rit.edu/dubai/ar/node/1392.html]
[www.rit.edu/dubai/ar/node/1389.html]
[www.rit.edu/dubai/ar/node/1383.html]
[www.rit.edu/dubai/ar/node/1377.html]
[www.rit.edu/dubai/ar/node/1368.html]
[www.rit.edu/dubai/ar/node/1357.html]
[www.rit.edu/dubai/ar/node/1354.html]
[www.rit.edu/dubai/ar/node/1342.html]
[www.rit.edu/dubai/ar/node/1339.html]
[www.rit.edu/dubai/ar/node/1332.html]
[www.rit.edu/dubai/ar/node/1321.html]
[www.rit.edu/dubai/ar/node/1318.html]
[www.rit.edu/dubai/ar/node/1311.html]
[www.rit.edu/dubai/ar/node/1290.html]
[www.rit.edu/dubai/ar/node/1286.html]
[www.rit.edu/dubai/ar/node/1284.html]
[www.rit.edu/dubai/ar/node/1266.html]
[www.rit.edu/dubai/ar/node/1257.html]
[www.rit.edu/dubai/ar/node/1248.html]
[www.rit.edu/dubai/ar/node/1231.html]
[www.rit.edu/dubai/ar/node/1222.html]
[www.rit.edu/dubai/ar/node/1186.html]
[www.rit.edu/dubai/ar/node/1059.html]
[www.rit.edu/dubai/ar/node/979.html]
[www.rit.edu/dubai/ar/node/823.html]
[www.rit.edu/dubai/ar/node/664.html]
[www.rit.edu/dubai/ar/node/548.html]
[www.rit.edu/dubai/ar/node/544.html]
[www.rit.edu/dubai/ar/node/540.html]
[www.rit.edu/dubai/ar/node/536.html]
[www.rit.edu/dubai/ar/node/528.html]
[www.rit.edu/dubai/ar/node/508.html]
[www.rit.edu/dubai/ar/node.html]
[www.rit.edu/dubai/ar/node/524.html]
[www.rit.edu/dubai/ar/system/files/ug-programs-banner.png]
[www.rit.edu/dubai/ar/node/959.html]
[www.rit.edu/dubai/ar/system/files/graduate-programs-banner.png]
[www.rit.edu/dubai/ar/node/963.html]
[www.rit.edu/dubai/ar/node/122.html]
[www.rit.edu/dubai/node/767.html]
[www.rit.edu/dubai/node/679.html]
[www.rit.edu/dubai/node/197.html]
[www.rit.edu/dubai/node/195.html]
[www.rit.edu/dubai/node/440.html]
[www.rit.edu/dubai/node/194.html]
[www.rit.edu/dubai/node/193.html]
[www.rit.edu/dubai/node/192.html]
[www.rit.edu/dubai/node/815.html]
[www.rit.edu/dubai/node/177.html]
[www.rit.edu/dubai/node/943.html]
[www.rit.edu/dubai/node/1123.html]
[www.rit.edu/dubai/node/1127.html]
[www.rit.edu/dubai/node/1131.html]
[www.rit.edu/dubai/node/231.html]
[www.rit.edu/dubai/node/199.html]
[www.rit.edu/dubai/node/136.html]
[www.rit.edu/dubai/node/357.html]
[www.rit.edu/dubai/node/362.html]
[www.rit.edu/dubai/node/361.html]
[www.rit.edu/dubai/node/360.html]
[www.rit.edu/dubai/node/1374.html]
[www.rit.edu/dubai/node/652.html]
[www.rit.edu/dubai/ar/node/281.html]
[www.rit.edu/dubai/ar/node/346.html]
[www.rit.edu/dubai/ar/node/1115.html]
[www.rit.edu/dubai/ar/node/668.html]
[www.rit.edu/dubai/ar/node/358.html]
[www.rit.edu/dubai/ar/node/354.html]
[www.rit.edu/dubai/ar/node/1480.html]
[www.rit.edu/dubai/ar/node/656.html]
[www.rit.edu/dubai/node/640.html]
[www.rit.edu/dubai/node/372.html]
[www.rit.edu/dubai/node/371.html]
[www.rit.edu/dubai/ar/node/131.html]
[www.rit.edu/dubai/ar/node/1278.html]
[www.rit.edu/dubai/ar/node/373.html]
[www.rit.edu/dubai/node/703.html]
[www.rit.edu/dubai/ar/nodecc44.html]
[www.rit.edu/dubai/ar/node57aa.html]
[www.rit.edu/dubai/ar/nodeb4b2.html]
[www.rit.edu/dubai/ar/noded527.html]
[www.rit.edu/dubai/ar/noded5b6.html]
[www.rit.edu/dubai/ar/nodeee94.html]
[www.rit.edu/dubai/ar/nodefca5.html]
[www.rit.edu/dubai/ar/nodea1be.html]
[www.rit.edu/dubai/ar/node49c9.html]
[www.rit.edu/dubai/ar/node4d99.html]
[www.rit.edu/dubai/ar/node7adc.html]
[www.rit.edu/dubai/ar/node5686.html]
[www.rit.edu/dubai/ar/nodee6a2.html]
[www.rit.edu/dubai/ar/nodeddaa.html]
[www.rit.edu/dubai/ar/nodea01f.html]
[www.rit.edu/dubai/ar/node2ceb.html]
[www.rit.edu/dubai/ar/node2499.html]
[www.rit.edu/dubai/ar/node40dc.html]
[www.rit.edu/dubai/ar/nodeccaa.html]
[www.rit.edu/dubai/ar/node14ad.html]
[www.rit.edu/dubai/ar/node74e2.html]
[www.rit.edu/dubai/ar/node0842.html]
[www.rit.edu/dubai/ar/node7aad.html]
[www.rit.edu/dubai/ar/nodeed5c.html]
[www.rit.edu/dubai/ar/node8f24.html]
[www.rit.edu/dubai/ar/nodeed82.html]
[www.rit.edu/dubai/ar/node0ba8.html]
[www.rit.edu/dubai/ar/node85b0.html]
[www.rit.edu/dubai/ar/node4d70.html]
[www.rit.edu/dubai/ar/nodef915.html]
[www.rit.edu/dubai/ar/node7642.html]
[www.rit.edu/dubai/ar/nodeb16c.html]
[www.rit.edu/dubai/ar/node2c77.html]
[www.rit.edu/dubai/ar/node9abc.html]
[www.rit.edu/dubai/ar/node6d10.html]
[www.rit.edu/dubai/ar/node34d7.html]
[www.rit.edu/dubai/ar/node35c8.html]
[www.rit.edu/dubai/ar/node6f34.html]
[www.rit.edu/dubai/ar/node8bc5.html]
[www.rit.edu/dubai/ar/node0012.html]
[www.rit.edu/dubai/ar/node7f59.html]
[www.rit.edu/dubai/node/995.html]
[www.rit.edu/dubai/node/343.html]
[www.rit.edu/dubai/node/1423.html]
[www.rit.edu/dubai/node/763.html]
[www.rit.edu/dubai/node/759.html]
[www.rit.edu/dubai/ar/node/107.html]
[www.rit.edu/dubai/ar/node/111.html]
[www.rit.edu/dubai/ar/node/“]
[www.rit.edu/dubai/ar/node/102.html]
[www.rit.edu/dubai/ar/node/103.html]
[www.rit.edu/dubai/ar/node/106.html]
[www.rit.edu/dubai/ar/node/108.html]
[www.rit.edu/dubai/ar/node/104.html]
[www.rit.edu/dubai/ar/node/105.html]
[www.rit.edu/dubai/ar/node/1335.html]
[www.rit.edu/dubai/ar/node/113.html]
[www.rit.edu/dubai/ar/node/114.html]
[www.rit.edu/dubai/ar/node/115.html]
[www.rit.edu/dubai/ar/node/116.html]
[www.rit.edu/dubai/ar/node/117.html]
[www.rit.edu/dubai/ar/node/118.html]
[www.rit.edu/dubai/ar/node/683.html]
[www.rit.edu/dubai/ar/node/687.html]
[www.rit.edu/dubai/ar/nodef43c.html]
[www.rit.edu/dubai/ar/nodee78a.html]
[www.rit.edu/dubai/ar/node622d.html]
[www.rit.edu/dubai/ar/node1ac0.html]
[www.rit.edu/dubai/ar/nodeb1da.html]
[www.rit.edu/dubai/ar/node5f72.html]
[www.rit.edu/dubai/sites/rit.edu/dubai/files/banner_academic.jpg]
[www.rit.edu/dubai/ar/node/899.html]
[www.rit.edu/dubai/ar/system/files/Pg-App.png]
[www.rit.edu/dubai/ar/node/847.html]
[www.rit.edu/dubai/ar/system/files/enquiry-banner.png]
[www.rit.edu/dubai/ar/node/835.html]
[www.rit.edu/dubai/ar/system/files/Student-Referral-Program_0.png]
[www.rit.edu/dubai/ar/node/855.html]
[www.rit.edu/dubai/ar/system/files/Open-Day.png]
[www.rit.edu/dubai/ar/node/1139.html]
[www.rit.edu/dubai/sites/rit.edu.dubai/files/Labs-and-centers_21.png]
[www.rit.edu/dubai/ar/node/448.html]
[www.rit.edu/dubai/ar/all-news1.html]
[www.rit.edu/dubai/node/835.html]
[www.rit.edu/dubai/node/online-undergraduate-application]
[www.rit.edu/dubai/node/online-graduate-application]
[www.rit.edu/dubai/node/839.html]
[www.rit.edu/dubai/node/1289.html]
[www.rit.edu/dubai/node/257.html]
[www.rit.edu/dubai/sites/rit.edu.dubai/files/pres-message-ny.png]
[www.rit.edu/dubai/inside/about-rit/message-rit-ny-president.html]
[www.rit.edu/dubai/sites/rit.edu.dubai/files/president-banner.png]
[www.rit.edu/dubai/inside/about-rit/message-rit-dubai-president.html]
[www.rit.edu/dubai/sites/rit.edu.dubai/files/board-banner.png]
[www.rit.edu/dubai/sites/rit.edu.dubai/files/Abdulrahman Salah.jpg]
[www.rit.edu/dubai/sites/rit.edu.dubai/files/Dr Zarooni.png]
[www.rit.edu/dubai/sites/rit.edu.dubai/files/Abulfattah Kazim.jpg]
[www.rit.edu/dubai/sites/rit.edu.dubai/files/Ellen Granberg.jpg]
[www.rit.edu/dubai/sites/rit.edu.dubai/files/jameswatters.jpg]
[www.rit.edu/dubai/sites/rit.edu.dubai/files/Ian Mortimer.jpg]
[www.rit.edu/dubai/sites/rit.edu.dubai/files/4Mw2fpcX_400x400.jpg]
[www.rit.edu/dubai/sites/rit.edu.dubai/files/Screen Shot 2021-05-26 at 9.53.48 AM.png]
[www.rit.edu/dubai/inside/about-rit/board-directors.html]
[www.rit.edu/dubai/sites/rit.edu.dubai/files/mission-banner.png]
[www.rit.edu/dubai/inside/about-rit/our-vision-mission-and-values.html]
[www.rit.edu/dubai/sites/rit.edu.dubai/files/global-banner_0.png]
[www.rit.edu/dubai/sites/rit.edu.dubai/files/NY.png]
[www.rit.edu/dubai/sites/rit.edu.dubai/files/Croatia.png]
[www.rit.edu/dubai/sites/rit.edu.dubai/files/Kosovo.png]
[www.rit.edu/dubai/sites/rit.edu.dubai/files/China.png]
[www.rit.edu/dubai/inside/about-rit/global-campus.html]
[www.rit.edu/dubai/sites/rit.edu.dubai/files/Testi.png]
[www.rit.edu/dubai/sites/rit.edu.dubai/files/Advantages-of-RIT-Dubai-University.png]
[www.rit.edu/dubai/inside/about-rit/advantages-student-testimonials.html]
[www.rit.edu/dubai/sites/rit.edu.dubai/files/Dso.png]
[www.rit.edu/dubai/inside/about-rit/dubai-silicon-oasis.html]
[www.rit.edu/dubai/sites/rit.edu.dubai/files/vid.png]
[www.rit.edu/dubai/inside/about-rit/rit-videos.html]
[www.rit.edu/dubai/sites/rit.edu.dubai/files/Labs-Banner.png]
[www.rit.edu/dubai/sites/rit.edu.dubai/files/HP-Gaming-Garage.png]
[www.rit.edu/dubai/hp-gaming-garage.html]
[www.rit.edu/dubai/sites/rit.edu.dubai/files/Robotics-Lab.png]
[www.rit.edu/dubai/sites/rit.edu.dubai/files/SEL-Lab.png]
[www.rit.edu/dubai/sites/rit.edu.dubai/files/capstone.png]
[www.rit.edu/dubai/capstone-and-research-lab.html]
[www.rit.edu/dubai/sites/rit.edu.dubai/files/security-lab.png]
[www.rit.edu/dubai/sites/rit.edu.dubai/files/Networking_0.png]
[www.rit.edu/dubai/sites/rit.edu.dubai/files/Open-Computer.png]
[www.rit.edu/dubai/open-computer-lab.html]
[www.rit.edu/dubai/sites/rit.edu.dubai/files/factors.png]
[www.rit.edu/dubai/sites/rit.edu.dubai/files/industry.png]
[www.rit.edu/dubai/sites/rit.edu.dubai/files/DT-Lab.png]
[www.rit.edu/dubai/sites/rit.edu.dubai/files/Research-Lab.png]
[www.rit.edu/dubai/research-center.html]
[www.rit.edu/dubai/sites/rit.edu.dubai/files/thermo-fluid.png]
